// Jest Snapshot v1, https://goo.gl/fbAQLP

exports[`Header should be rendered 1`] = `
<div
  className="header"
>
  <div
    className="header__container"
  >
    <a
      className="header__logo"
    >
      <img
        alt="logo1"
        src=""
      />
    </a>
    <a
      className="header__logo"
    >
      <img
        alt="logo2"
        src=""
      />
    </a>
  </div>
</div>
`;
